
> frontend@0.0.0 build
> vite build

[36mvite v8.3.0 [32mbuilding client environment for production...[36m[39m
transforming...
✓ 2978 modules transformed.
rendering chunks...
computing gzip size...
dist/index.html                     1.09 kB │ gzip:   0.58 kB
dist/assets/index-cRaaNB7S.css     14.22 kB │ gzip:   3.27 kB
dist/assets/index-BPtyl_Xf.js   1,124.69 kB │ gzip: 314.12 kB

[33m[plugin builtin:vite-reporter] 
(!) Some chunks are larger than 500 kB after minification. Consider:
- Using dynamic import() to code-split the application
- Use build.rolldownOptions.output.codeSplitting to improve chunking: https://rolldown.rs/reference/OutputOptions.codeSplitting
- Adjust chunk size limit for this warning via build.chunkSizeWarningLimit.[39m
[32m✓ built in 7.03s[39m
